CRITICAL - 2026-05-29 07:08:32 --> ErrorException: Maximum execution time of 120 seconds exceeded
[Method: POST, Route: login]
in SYSTEMPATH\Database\MySQLi\Connection.php on line 301.
 1 [internal function]: CodeIgniter\Debug\Exceptions->shutdownHandler()
CRITICAL - 2026-05-29 07:08:32 --> ErrorException: Maximum execution time of 120 seconds exceeded
[Method: POST, Route: login]
in SYSTEMPATH\Database\MySQLi\Connection.php on line 301.
 1 [internal function]: CodeIgniter\Debug\Exceptions->shutdownHandler()
CRITICAL - 2026-05-29 07:08:32 --> ErrorException: Maximum execution time of 120 seconds exceeded
[Method: POST, Route: login]
in SYSTEMPATH\Database\MySQLi\Connection.php on line 301.
 1 [internal function]: CodeIgniter\Debug\Exceptions->shutdownHandler()
CRITICAL - 2026-05-29 07:08:32 --> ErrorException: Maximum execution time of 120 seconds exceeded
[Method: POST, Route: login]
in SYSTEMPATH\Database\MySQLi\Connection.php on line 301.
 1 [internal function]: CodeIgniter\Debug\Exceptions->shutdownHandler()
ERROR - 2026-05-29 07:08:37 --> Error connecting to the database: mysqli_sql_exception: No connection could be made because the target machine actively refused it in C:\More Application\Xampp\htdocs\toko-api\system\Database\MySQLi\Connection.php:201
Stack trace:
#0 C:\More Application\Xampp\htdocs\toko-api\system\Database\MySQLi\Connection.php(201): mysqli->real_connect('localhost', 'root', Object(SensitiveParameterValue), 'toko_api', 3306, '', 0)
#1 C:\More Application\Xampp\htdocs\toko-api\system\Database\BaseConnection.php(555): CodeIgniter\Database\MySQLi\Connection->connect(false)
#2 C:\More Application\Xampp\htdocs\toko-api\system\Database\BaseConnection.php(795): CodeIgniter\Database\BaseConnection->initialize()
#3 C:\More Application\Xampp\htdocs\toko-api\system\Database\BaseBuilder.php(1649): CodeIgniter\Database\BaseConnection->query('SELECT *\nFROM `...', Array, false)
#4 C:\More Application\Xampp\htdocs\toko-api\system\Model.php(295): CodeIgniter\Database\BaseBuilder->get()
#5 C:\More Application\Xampp\htdocs\toko-api\system\BaseModel.php(714): CodeIgniter\Model->doFirst()
#6 C:\More Application\Xampp\htdocs\toko-api\app\Controllers\LoginController.php(24): CodeIgniter\BaseModel->first()
#7 C:\More Application\Xampp\htdocs\toko-api\system\CodeIgniter.php(951): App\Controllers\LoginController->login()
#8 C:\More Application\Xampp\htdocs\toko-api\system\CodeIgniter.php(497): CodeIgniter\CodeIgniter->runController(Object(App\Controllers\LoginController))
#9 C:\More Application\Xampp\htdocs\toko-api\system\CodeIgniter.php(340): CodeIgniter\CodeIgniter->handleRequest(NULL, Object(Config\Cache), false)
#10 C:\More Application\Xampp\htdocs\toko-api\system\Boot.php(417): CodeIgniter\CodeIgniter->run()
#11 C:\More Application\Xampp\htdocs\toko-api\system\Boot.php(68): CodeIgniter\Boot::runCodeIgniter(Object(CodeIgniter\CodeIgniter))
#12 C:\More Application\Xampp\htdocs\toko-api\public\index.php(59): CodeIgniter\Boot::bootWeb(Object(Config\Paths))
#13 {main}

Next CodeIgniter\Database\Exceptions\DatabaseException: No connection could be made because the target machine actively refused it in C:\More Application\Xampp\htdocs\toko-api\system\Database\MySQLi\Connection.php:231
Stack trace:
#0 C:\More Application\Xampp\htdocs\toko-api\system\Database\BaseConnection.php(555): CodeIgniter\Database\MySQLi\Connection->connect(false)
#1 C:\More Application\Xampp\htdocs\toko-api\system\Database\BaseConnection.php(795): CodeIgniter\Database\BaseConnection->initialize()
#2 C:\More Application\Xampp\htdocs\toko-api\system\Database\BaseBuilder.php(1649): CodeIgniter\Database\BaseConnection->query('SELECT *\nFROM `...', Array, false)
#3 C:\More Application\Xampp\htdocs\toko-api\system\Model.php(295): CodeIgniter\Database\BaseBuilder->get()
#4 C:\More Application\Xampp\htdocs\toko-api\system\BaseModel.php(714): CodeIgniter\Model->doFirst()
#5 C:\More Application\Xampp\htdocs\toko-api\app\Controllers\LoginController.php(24): CodeIgniter\BaseModel->first()
#6 C:\More Application\Xampp\htdocs\toko-api\system\CodeIgniter.php(951): App\Controllers\LoginController->login()
#7 C:\More Application\Xampp\htdocs\toko-api\system\CodeIgniter.php(497): CodeIgniter\CodeIgniter->runController(Object(App\Controllers\LoginController))
#8 C:\More Application\Xampp\htdocs\toko-api\system\CodeIgniter.php(340): CodeIgniter\CodeIgniter->handleRequest(NULL, Object(Config\Cache), false)
#9 C:\More Application\Xampp\htdocs\toko-api\system\Boot.php(417): CodeIgniter\CodeIgniter->run()
#10 C:\More Application\Xampp\htdocs\toko-api\system\Boot.php(68): CodeIgniter\Boot::runCodeIgniter(Object(CodeIgniter\CodeIgniter))
#11 C:\More Application\Xampp\htdocs\toko-api\public\index.php(59): CodeIgniter\Boot::bootWeb(Object(Config\Paths))
#12 {main}
CRITICAL - 2026-05-29 07:08:37 --> CodeIgniter\Database\Exceptions\DatabaseException: Unable to connect to the database.
Main connection [MySQLi]: No connection could be made because the target machine actively refused it
[Method: POST, Route: login]
in SYSTEMPATH\Database\BaseConnection.php on line 606.
 1 SYSTEMPATH\Database\BaseConnection.php(795): CodeIgniter\Database\BaseConnection->initialize()
 2 SYSTEMPATH\Database\BaseBuilder.php(1649): CodeIgniter\Database\BaseConnection->query('SELECT *
FROM `member`
WHERE `email` = :email:
 LIMIT 1', [...], false)
 3 SYSTEMPATH\Model.php(295): CodeIgniter\Database\BaseBuilder->get()
 4 SYSTEMPATH\BaseModel.php(714): CodeIgniter\Model->doFirst()
 5 APPPATH\Controllers\LoginController.php(24): CodeIgniter\BaseModel->first()
 6 SYSTEMPATH\CodeIgniter.php(951): App\Controllers\LoginController->login()
 7 SYSTEMPATH\CodeIgniter.php(497): CodeIgniter\CodeIgniter->runController(Object(App\Controllers\LoginController))
 8 SYSTEMPATH\CodeIgniter.php(340): CodeIgniter\CodeIgniter->handleRequest(null, Object(Config\Cache), false)
 9 SYSTEMPATH\Boot.php(417): CodeIgniter\CodeIgniter->run()
10 SYSTEMPATH\Boot.php(68): CodeIgniter\Boot::runCodeIgniter(Object(CodeIgniter\CodeIgniter))
11 FCPATH\index.php(59): CodeIgniter\Boot::bootWeb(Object(Config\Paths))
ERROR - 2026-05-29 07:08:53 --> Error connecting to the database: mysqli_sql_exception: No connection could be made because the target machine actively refused it in C:\More Application\Xampp\htdocs\toko-api\system\Database\MySQLi\Connection.php:201
Stack trace:
#0 C:\More Application\Xampp\htdocs\toko-api\system\Database\MySQLi\Connection.php(201): mysqli->real_connect('localhost', 'root', Object(SensitiveParameterValue), 'toko_api', 3306, '', 0)
#1 C:\More Application\Xampp\htdocs\toko-api\system\Database\BaseConnection.php(555): CodeIgniter\Database\MySQLi\Connection->connect(false)
#2 C:\More Application\Xampp\htdocs\toko-api\system\Database\BaseConnection.php(795): CodeIgniter\Database\BaseConnection->initialize()
#3 C:\More Application\Xampp\htdocs\toko-api\system\Database\BaseBuilder.php(1649): CodeIgniter\Database\BaseConnection->query('SELECT *\nFROM `...', Array, false)
#4 C:\More Application\Xampp\htdocs\toko-api\system\Model.php(295): CodeIgniter\Database\BaseBuilder->get()
#5 C:\More Application\Xampp\htdocs\toko-api\system\BaseModel.php(714): CodeIgniter\Model->doFirst()
#6 C:\More Application\Xampp\htdocs\toko-api\app\Controllers\LoginController.php(24): CodeIgniter\BaseModel->first()
#7 C:\More Application\Xampp\htdocs\toko-api\system\CodeIgniter.php(951): App\Controllers\LoginController->login()
#8 C:\More Application\Xampp\htdocs\toko-api\system\CodeIgniter.php(497): CodeIgniter\CodeIgniter->runController(Object(App\Controllers\LoginController))
#9 C:\More Application\Xampp\htdocs\toko-api\system\CodeIgniter.php(340): CodeIgniter\CodeIgniter->handleRequest(NULL, Object(Config\Cache), false)
#10 C:\More Application\Xampp\htdocs\toko-api\system\Boot.php(417): CodeIgniter\CodeIgniter->run()
#11 C:\More Application\Xampp\htdocs\toko-api\system\Boot.php(68): CodeIgniter\Boot::runCodeIgniter(Object(CodeIgniter\CodeIgniter))
#12 C:\More Application\Xampp\htdocs\toko-api\public\index.php(59): CodeIgniter\Boot::bootWeb(Object(Config\Paths))
#13 {main}

Next CodeIgniter\Database\Exceptions\DatabaseException: No connection could be made because the target machine actively refused it in C:\More Application\Xampp\htdocs\toko-api\system\Database\MySQLi\Connection.php:231
Stack trace:
#0 C:\More Application\Xampp\htdocs\toko-api\system\Database\BaseConnection.php(555): CodeIgniter\Database\MySQLi\Connection->connect(false)
#1 C:\More Application\Xampp\htdocs\toko-api\system\Database\BaseConnection.php(795): CodeIgniter\Database\BaseConnection->initialize()
#2 C:\More Application\Xampp\htdocs\toko-api\system\Database\BaseBuilder.php(1649): CodeIgniter\Database\BaseConnection->query('SELECT *\nFROM `...', Array, false)
#3 C:\More Application\Xampp\htdocs\toko-api\system\Model.php(295): CodeIgniter\Database\BaseBuilder->get()
#4 C:\More Application\Xampp\htdocs\toko-api\system\BaseModel.php(714): CodeIgniter\Model->doFirst()
#5 C:\More Application\Xampp\htdocs\toko-api\app\Controllers\LoginController.php(24): CodeIgniter\BaseModel->first()
#6 C:\More Application\Xampp\htdocs\toko-api\system\CodeIgniter.php(951): App\Controllers\LoginController->login()
#7 C:\More Application\Xampp\htdocs\toko-api\system\CodeIgniter.php(497): CodeIgniter\CodeIgniter->runController(Object(App\Controllers\LoginController))
#8 C:\More Application\Xampp\htdocs\toko-api\system\CodeIgniter.php(340): CodeIgniter\CodeIgniter->handleRequest(NULL, Object(Config\Cache), false)
#9 C:\More Application\Xampp\htdocs\toko-api\system\Boot.php(417): CodeIgniter\CodeIgniter->run()
#10 C:\More Application\Xampp\htdocs\toko-api\system\Boot.php(68): CodeIgniter\Boot::runCodeIgniter(Object(CodeIgniter\CodeIgniter))
#11 C:\More Application\Xampp\htdocs\toko-api\public\index.php(59): CodeIgniter\Boot::bootWeb(Object(Config\Paths))
#12 {main}
CRITICAL - 2026-05-29 07:08:53 --> CodeIgniter\Database\Exceptions\DatabaseException: Unable to connect to the database.
Main connection [MySQLi]: No connection could be made because the target machine actively refused it
[Method: POST, Route: login]
in SYSTEMPATH\Database\BaseConnection.php on line 606.
 1 SYSTEMPATH\Database\BaseConnection.php(795): CodeIgniter\Database\BaseConnection->initialize()
 2 SYSTEMPATH\Database\BaseBuilder.php(1649): CodeIgniter\Database\BaseConnection->query('SELECT *
FROM `member`
WHERE `email` = :email:
 LIMIT 1', [...], false)
 3 SYSTEMPATH\Model.php(295): CodeIgniter\Database\BaseBuilder->get()
 4 SYSTEMPATH\BaseModel.php(714): CodeIgniter\Model->doFirst()
 5 APPPATH\Controllers\LoginController.php(24): CodeIgniter\BaseModel->first()
 6 SYSTEMPATH\CodeIgniter.php(951): App\Controllers\LoginController->login()
 7 SYSTEMPATH\CodeIgniter.php(497): CodeIgniter\CodeIgniter->runController(Object(App\Controllers\LoginController))
 8 SYSTEMPATH\CodeIgniter.php(340): CodeIgniter\CodeIgniter->handleRequest(null, Object(Config\Cache), false)
 9 SYSTEMPATH\Boot.php(417): CodeIgniter\CodeIgniter->run()
10 SYSTEMPATH\Boot.php(68): CodeIgniter\Boot::runCodeIgniter(Object(CodeIgniter\CodeIgniter))
11 FCPATH\index.php(59): CodeIgniter\Boot::bootWeb(Object(Config\Paths))
ERROR - 2026-05-29 07:31:27 --> Error connecting to the database: mysqli_sql_exception: No connection could be made because the target machine actively refused it in C:\More Application\Xampp\htdocs\toko-api\system\Database\MySQLi\Connection.php:201
Stack trace:
#0 C:\More Application\Xampp\htdocs\toko-api\system\Database\MySQLi\Connection.php(201): mysqli->real_connect('localhost', 'root', Object(SensitiveParameterValue), 'toko_api', 3306, '', 0)
#1 C:\More Application\Xampp\htdocs\toko-api\system\Database\BaseConnection.php(555): CodeIgniter\Database\MySQLi\Connection->connect(false)
#2 C:\More Application\Xampp\htdocs\toko-api\system\Database\BaseConnection.php(795): CodeIgniter\Database\BaseConnection->initialize()
#3 C:\More Application\Xampp\htdocs\toko-api\system\Database\BaseBuilder.php(1649): CodeIgniter\Database\BaseConnection->query('SELECT *\nFROM `...', Array, false)
#4 C:\More Application\Xampp\htdocs\toko-api\system\Model.php(295): CodeIgniter\Database\BaseBuilder->get()
#5 C:\More Application\Xampp\htdocs\toko-api\system\BaseModel.php(714): CodeIgniter\Model->doFirst()
#6 C:\More Application\Xampp\htdocs\toko-api\app\Controllers\LoginController.php(24): CodeIgniter\BaseModel->first()
#7 C:\More Application\Xampp\htdocs\toko-api\system\CodeIgniter.php(951): App\Controllers\LoginController->login()
#8 C:\More Application\Xampp\htdocs\toko-api\system\CodeIgniter.php(497): CodeIgniter\CodeIgniter->runController(Object(App\Controllers\LoginController))
#9 C:\More Application\Xampp\htdocs\toko-api\system\CodeIgniter.php(340): CodeIgniter\CodeIgniter->handleRequest(NULL, Object(Config\Cache), false)
#10 C:\More Application\Xampp\htdocs\toko-api\system\Boot.php(417): CodeIgniter\CodeIgniter->run()
#11 C:\More Application\Xampp\htdocs\toko-api\system\Boot.php(68): CodeIgniter\Boot::runCodeIgniter(Object(CodeIgniter\CodeIgniter))
#12 C:\More Application\Xampp\htdocs\toko-api\public\index.php(59): CodeIgniter\Boot::bootWeb(Object(Config\Paths))
#13 {main}

Next CodeIgniter\Database\Exceptions\DatabaseException: No connection could be made because the target machine actively refused it in C:\More Application\Xampp\htdocs\toko-api\system\Database\MySQLi\Connection.php:231
Stack trace:
#0 C:\More Application\Xampp\htdocs\toko-api\system\Database\BaseConnection.php(555): CodeIgniter\Database\MySQLi\Connection->connect(false)
#1 C:\More Application\Xampp\htdocs\toko-api\system\Database\BaseConnection.php(795): CodeIgniter\Database\BaseConnection->initialize()
#2 C:\More Application\Xampp\htdocs\toko-api\system\Database\BaseBuilder.php(1649): CodeIgniter\Database\BaseConnection->query('SELECT *\nFROM `...', Array, false)
#3 C:\More Application\Xampp\htdocs\toko-api\system\Model.php(295): CodeIgniter\Database\BaseBuilder->get()
#4 C:\More Application\Xampp\htdocs\toko-api\system\BaseModel.php(714): CodeIgniter\Model->doFirst()
#5 C:\More Application\Xampp\htdocs\toko-api\app\Controllers\LoginController.php(24): CodeIgniter\BaseModel->first()
#6 C:\More Application\Xampp\htdocs\toko-api\system\CodeIgniter.php(951): App\Controllers\LoginController->login()
#7 C:\More Application\Xampp\htdocs\toko-api\system\CodeIgniter.php(497): CodeIgniter\CodeIgniter->runController(Object(App\Controllers\LoginController))
#8 C:\More Application\Xampp\htdocs\toko-api\system\CodeIgniter.php(340): CodeIgniter\CodeIgniter->handleRequest(NULL, Object(Config\Cache), false)
#9 C:\More Application\Xampp\htdocs\toko-api\system\Boot.php(417): CodeIgniter\CodeIgniter->run()
#10 C:\More Application\Xampp\htdocs\toko-api\system\Boot.php(68): CodeIgniter\Boot::runCodeIgniter(Object(CodeIgniter\CodeIgniter))
#11 C:\More Application\Xampp\htdocs\toko-api\public\index.php(59): CodeIgniter\Boot::bootWeb(Object(Config\Paths))
#12 {main}
CRITICAL - 2026-05-29 07:31:27 --> CodeIgniter\Database\Exceptions\DatabaseException: Unable to connect to the database.
Main connection [MySQLi]: No connection could be made because the target machine actively refused it
[Method: POST, Route: login]
in SYSTEMPATH\Database\BaseConnection.php on line 606.
 1 SYSTEMPATH\Database\BaseConnection.php(795): CodeIgniter\Database\BaseConnection->initialize()
 2 SYSTEMPATH\Database\BaseBuilder.php(1649): CodeIgniter\Database\BaseConnection->query('SELECT *
FROM `member`
WHERE `email` = :email:
 LIMIT 1', [...], false)
 3 SYSTEMPATH\Model.php(295): CodeIgniter\Database\BaseBuilder->get()
 4 SYSTEMPATH\BaseModel.php(714): CodeIgniter\Model->doFirst()
 5 APPPATH\Controllers\LoginController.php(24): CodeIgniter\BaseModel->first()
 6 SYSTEMPATH\CodeIgniter.php(951): App\Controllers\LoginController->login()
 7 SYSTEMPATH\CodeIgniter.php(497): CodeIgniter\CodeIgniter->runController(Object(App\Controllers\LoginController))
 8 SYSTEMPATH\CodeIgniter.php(340): CodeIgniter\CodeIgniter->handleRequest(null, Object(Config\Cache), false)
 9 SYSTEMPATH\Boot.php(417): CodeIgniter\CodeIgniter->run()
10 SYSTEMPATH\Boot.php(68): CodeIgniter\Boot::runCodeIgniter(Object(CodeIgniter\CodeIgniter))
11 FCPATH\index.php(59): CodeIgniter\Boot::bootWeb(Object(Config\Paths))
ERROR - 2026-05-29 16:50:03 --> Error connecting to the database: mysqli_sql_exception: No connection could be made because the target machine actively refused it in C:\More Application\Xampp\htdocs\toko-api\system\Database\MySQLi\Connection.php:201
Stack trace:
#0 C:\More Application\Xampp\htdocs\toko-api\system\Database\MySQLi\Connection.php(201): mysqli->real_connect('localhost', 'root', Object(SensitiveParameterValue), 'toko_api', 3306, '', 0)
#1 C:\More Application\Xampp\htdocs\toko-api\system\Database\BaseConnection.php(555): CodeIgniter\Database\MySQLi\Connection->connect(false)
#2 C:\More Application\Xampp\htdocs\toko-api\system\Database\BaseConnection.php(795): CodeIgniter\Database\BaseConnection->initialize()
#3 C:\More Application\Xampp\htdocs\toko-api\system\Database\BaseBuilder.php(1649): CodeIgniter\Database\BaseConnection->query('SELECT *\nFROM `...', Array, false)
#4 C:\More Application\Xampp\htdocs\toko-api\system\Model.php(295): CodeIgniter\Database\BaseBuilder->get()
#5 C:\More Application\Xampp\htdocs\toko-api\system\BaseModel.php(714): CodeIgniter\Model->doFirst()
#6 C:\More Application\Xampp\htdocs\toko-api\app\Controllers\LoginController.php(24): CodeIgniter\BaseModel->first()
#7 C:\More Application\Xampp\htdocs\toko-api\system\CodeIgniter.php(951): App\Controllers\LoginController->login()
#8 C:\More Application\Xampp\htdocs\toko-api\system\CodeIgniter.php(497): CodeIgniter\CodeIgniter->runController(Object(App\Controllers\LoginController))
#9 C:\More Application\Xampp\htdocs\toko-api\system\CodeIgniter.php(340): CodeIgniter\CodeIgniter->handleRequest(NULL, Object(Config\Cache), false)
#10 C:\More Application\Xampp\htdocs\toko-api\system\Boot.php(417): CodeIgniter\CodeIgniter->run()
#11 C:\More Application\Xampp\htdocs\toko-api\system\Boot.php(68): CodeIgniter\Boot::runCodeIgniter(Object(CodeIgniter\CodeIgniter))
#12 C:\More Application\Xampp\htdocs\toko-api\public\index.php(59): CodeIgniter\Boot::bootWeb(Object(Config\Paths))
#13 {main}

Next CodeIgniter\Database\Exceptions\DatabaseException: No connection could be made because the target machine actively refused it in C:\More Application\Xampp\htdocs\toko-api\system\Database\MySQLi\Connection.php:231
Stack trace:
#0 C:\More Application\Xampp\htdocs\toko-api\system\Database\BaseConnection.php(555): CodeIgniter\Database\MySQLi\Connection->connect(false)
#1 C:\More Application\Xampp\htdocs\toko-api\system\Database\BaseConnection.php(795): CodeIgniter\Database\BaseConnection->initialize()
#2 C:\More Application\Xampp\htdocs\toko-api\system\Database\BaseBuilder.php(1649): CodeIgniter\Database\BaseConnection->query('SELECT *\nFROM `...', Array, false)
#3 C:\More Application\Xampp\htdocs\toko-api\system\Model.php(295): CodeIgniter\Database\BaseBuilder->get()
#4 C:\More Application\Xampp\htdocs\toko-api\system\BaseModel.php(714): CodeIgniter\Model->doFirst()
#5 C:\More Application\Xampp\htdocs\toko-api\app\Controllers\LoginController.php(24): CodeIgniter\BaseModel->first()
#6 C:\More Application\Xampp\htdocs\toko-api\system\CodeIgniter.php(951): App\Controllers\LoginController->login()
#7 C:\More Application\Xampp\htdocs\toko-api\system\CodeIgniter.php(497): CodeIgniter\CodeIgniter->runController(Object(App\Controllers\LoginController))
#8 C:\More Application\Xampp\htdocs\toko-api\system\CodeIgniter.php(340): CodeIgniter\CodeIgniter->handleRequest(NULL, Object(Config\Cache), false)
#9 C:\More Application\Xampp\htdocs\toko-api\system\Boot.php(417): CodeIgniter\CodeIgniter->run()
#10 C:\More Application\Xampp\htdocs\toko-api\system\Boot.php(68): CodeIgniter\Boot::runCodeIgniter(Object(CodeIgniter\CodeIgniter))
#11 C:\More Application\Xampp\htdocs\toko-api\public\index.php(59): CodeIgniter\Boot::bootWeb(Object(Config\Paths))
#12 {main}
CRITICAL - 2026-05-29 16:50:03 --> CodeIgniter\Database\Exceptions\DatabaseException: Unable to connect to the database.
Main connection [MySQLi]: No connection could be made because the target machine actively refused it
[Method: POST, Route: login]
in SYSTEMPATH\Database\BaseConnection.php on line 606.
 1 SYSTEMPATH\Database\BaseConnection.php(795): CodeIgniter\Database\BaseConnection->initialize()
 2 SYSTEMPATH\Database\BaseBuilder.php(1649): CodeIgniter\Database\BaseConnection->query('SELECT *
FROM `member`
WHERE `email` = :email:
 LIMIT 1', [...], false)
 3 SYSTEMPATH\Model.php(295): CodeIgniter\Database\BaseBuilder->get()
 4 SYSTEMPATH\BaseModel.php(714): CodeIgniter\Model->doFirst()
 5 APPPATH\Controllers\LoginController.php(24): CodeIgniter\BaseModel->first()
 6 SYSTEMPATH\CodeIgniter.php(951): App\Controllers\LoginController->login()
 7 SYSTEMPATH\CodeIgniter.php(497): CodeIgniter\CodeIgniter->runController(Object(App\Controllers\LoginController))
 8 SYSTEMPATH\CodeIgniter.php(340): CodeIgniter\CodeIgniter->handleRequest(null, Object(Config\Cache), false)
 9 SYSTEMPATH\Boot.php(417): CodeIgniter\CodeIgniter->run()
10 SYSTEMPATH\Boot.php(68): CodeIgniter\Boot::runCodeIgniter(Object(CodeIgniter\CodeIgniter))
11 FCPATH\index.php(59): CodeIgniter\Boot::bootWeb(Object(Config\Paths))
ERROR - 2026-05-29 16:50:17 --> Error connecting to the database: mysqli_sql_exception: No connection could be made because the target machine actively refused it in C:\More Application\Xampp\htdocs\toko-api\system\Database\MySQLi\Connection.php:201
Stack trace:
#0 C:\More Application\Xampp\htdocs\toko-api\system\Database\MySQLi\Connection.php(201): mysqli->real_connect('localhost', 'root', Object(SensitiveParameterValue), 'toko_api', 3306, '', 0)
#1 C:\More Application\Xampp\htdocs\toko-api\system\Database\BaseConnection.php(555): CodeIgniter\Database\MySQLi\Connection->connect(false)
#2 C:\More Application\Xampp\htdocs\toko-api\system\Database\BaseConnection.php(795): CodeIgniter\Database\BaseConnection->initialize()
#3 C:\More Application\Xampp\htdocs\toko-api\system\Database\BaseBuilder.php(1649): CodeIgniter\Database\BaseConnection->query('SELECT *\nFROM `...', Array, false)
#4 C:\More Application\Xampp\htdocs\toko-api\system\Model.php(295): CodeIgniter\Database\BaseBuilder->get()
#5 C:\More Application\Xampp\htdocs\toko-api\system\BaseModel.php(714): CodeIgniter\Model->doFirst()
#6 C:\More Application\Xampp\htdocs\toko-api\app\Controllers\LoginController.php(24): CodeIgniter\BaseModel->first()
#7 C:\More Application\Xampp\htdocs\toko-api\system\CodeIgniter.php(951): App\Controllers\LoginController->login()
#8 C:\More Application\Xampp\htdocs\toko-api\system\CodeIgniter.php(497): CodeIgniter\CodeIgniter->runController(Object(App\Controllers\LoginController))
#9 C:\More Application\Xampp\htdocs\toko-api\system\CodeIgniter.php(340): CodeIgniter\CodeIgniter->handleRequest(NULL, Object(Config\Cache), false)
#10 C:\More Application\Xampp\htdocs\toko-api\system\Boot.php(417): CodeIgniter\CodeIgniter->run()
#11 C:\More Application\Xampp\htdocs\toko-api\system\Boot.php(68): CodeIgniter\Boot::runCodeIgniter(Object(CodeIgniter\CodeIgniter))
#12 C:\More Application\Xampp\htdocs\toko-api\public\index.php(59): CodeIgniter\Boot::bootWeb(Object(Config\Paths))
#13 {main}

Next CodeIgniter\Database\Exceptions\DatabaseException: No connection could be made because the target machine actively refused it in C:\More Application\Xampp\htdocs\toko-api\system\Database\MySQLi\Connection.php:231
Stack trace:
#0 C:\More Application\Xampp\htdocs\toko-api\system\Database\BaseConnection.php(555): CodeIgniter\Database\MySQLi\Connection->connect(false)
#1 C:\More Application\Xampp\htdocs\toko-api\system\Database\BaseConnection.php(795): CodeIgniter\Database\BaseConnection->initialize()
#2 C:\More Application\Xampp\htdocs\toko-api\system\Database\BaseBuilder.php(1649): CodeIgniter\Database\BaseConnection->query('SELECT *\nFROM `...', Array, false)
#3 C:\More Application\Xampp\htdocs\toko-api\system\Model.php(295): CodeIgniter\Database\BaseBuilder->get()
#4 C:\More Application\Xampp\htdocs\toko-api\system\BaseModel.php(714): CodeIgniter\Model->doFirst()
#5 C:\More Application\Xampp\htdocs\toko-api\app\Controllers\LoginController.php(24): CodeIgniter\BaseModel->first()
#6 C:\More Application\Xampp\htdocs\toko-api\system\CodeIgniter.php(951): App\Controllers\LoginController->login()
#7 C:\More Application\Xampp\htdocs\toko-api\system\CodeIgniter.php(497): CodeIgniter\CodeIgniter->runController(Object(App\Controllers\LoginController))
#8 C:\More Application\Xampp\htdocs\toko-api\system\CodeIgniter.php(340): CodeIgniter\CodeIgniter->handleRequest(NULL, Object(Config\Cache), false)
#9 C:\More Application\Xampp\htdocs\toko-api\system\Boot.php(417): CodeIgniter\CodeIgniter->run()
#10 C:\More Application\Xampp\htdocs\toko-api\system\Boot.php(68): CodeIgniter\Boot::runCodeIgniter(Object(CodeIgniter\CodeIgniter))
#11 C:\More Application\Xampp\htdocs\toko-api\public\index.php(59): CodeIgniter\Boot::bootWeb(Object(Config\Paths))
#12 {main}
CRITICAL - 2026-05-29 16:50:17 --> CodeIgniter\Database\Exceptions\DatabaseException: Unable to connect to the database.
Main connection [MySQLi]: No connection could be made because the target machine actively refused it
[Method: POST, Route: login]
in SYSTEMPATH\Database\BaseConnection.php on line 606.
 1 SYSTEMPATH\Database\BaseConnection.php(795): CodeIgniter\Database\BaseConnection->initialize()
 2 SYSTEMPATH\Database\BaseBuilder.php(1649): CodeIgniter\Database\BaseConnection->query('SELECT *
FROM `member`
WHERE `email` = :email:
 LIMIT 1', [...], false)
 3 SYSTEMPATH\Model.php(295): CodeIgniter\Database\BaseBuilder->get()
 4 SYSTEMPATH\BaseModel.php(714): CodeIgniter\Model->doFirst()
 5 APPPATH\Controllers\LoginController.php(24): CodeIgniter\BaseModel->first()
 6 SYSTEMPATH\CodeIgniter.php(951): App\Controllers\LoginController->login()
 7 SYSTEMPATH\CodeIgniter.php(497): CodeIgniter\CodeIgniter->runController(Object(App\Controllers\LoginController))
 8 SYSTEMPATH\CodeIgniter.php(340): CodeIgniter\CodeIgniter->handleRequest(null, Object(Config\Cache), false)
 9 SYSTEMPATH\Boot.php(417): CodeIgniter\CodeIgniter->run()
10 SYSTEMPATH\Boot.php(68): CodeIgniter\Boot::runCodeIgniter(Object(CodeIgniter\CodeIgniter))
11 FCPATH\index.php(59): CodeIgniter\Boot::bootWeb(Object(Config\Paths))
ERROR - 2026-05-29 16:50:36 --> Error connecting to the database: mysqli_sql_exception: No connection could be made because the target machine actively refused it in C:\More Application\Xampp\htdocs\toko-api\system\Database\MySQLi\Connection.php:201
Stack trace:
#0 C:\More Application\Xampp\htdocs\toko-api\system\Database\MySQLi\Connection.php(201): mysqli->real_connect('localhost', 'root', Object(SensitiveParameterValue), 'toko_api', 3306, '', 0)
#1 C:\More Application\Xampp\htdocs\toko-api\system\Database\BaseConnection.php(555): CodeIgniter\Database\MySQLi\Connection->connect(false)
#2 C:\More Application\Xampp\htdocs\toko-api\system\Database\BaseConnection.php(795): CodeIgniter\Database\BaseConnection->initialize()
#3 C:\More Application\Xampp\htdocs\toko-api\system\Database\BaseBuilder.php(1649): CodeIgniter\Database\BaseConnection->query('SELECT *\nFROM `...', Array, false)
#4 C:\More Application\Xampp\htdocs\toko-api\system\Model.php(295): CodeIgniter\Database\BaseBuilder->get()
#5 C:\More Application\Xampp\htdocs\toko-api\system\BaseModel.php(714): CodeIgniter\Model->doFirst()
#6 C:\More Application\Xampp\htdocs\toko-api\app\Controllers\LoginController.php(24): CodeIgniter\BaseModel->first()
#7 C:\More Application\Xampp\htdocs\toko-api\system\CodeIgniter.php(951): App\Controllers\LoginController->login()
#8 C:\More Application\Xampp\htdocs\toko-api\system\CodeIgniter.php(497): CodeIgniter\CodeIgniter->runController(Object(App\Controllers\LoginController))
#9 C:\More Application\Xampp\htdocs\toko-api\system\CodeIgniter.php(340): CodeIgniter\CodeIgniter->handleRequest(NULL, Object(Config\Cache), false)
#10 C:\More Application\Xampp\htdocs\toko-api\system\Boot.php(417): CodeIgniter\CodeIgniter->run()
#11 C:\More Application\Xampp\htdocs\toko-api\system\Boot.php(68): CodeIgniter\Boot::runCodeIgniter(Object(CodeIgniter\CodeIgniter))
#12 C:\More Application\Xampp\htdocs\toko-api\public\index.php(59): CodeIgniter\Boot::bootWeb(Object(Config\Paths))
#13 {main}

Next CodeIgniter\Database\Exceptions\DatabaseException: No connection could be made because the target machine actively refused it in C:\More Application\Xampp\htdocs\toko-api\system\Database\MySQLi\Connection.php:231
Stack trace:
#0 C:\More Application\Xampp\htdocs\toko-api\system\Database\BaseConnection.php(555): CodeIgniter\Database\MySQLi\Connection->connect(false)
#1 C:\More Application\Xampp\htdocs\toko-api\system\Database\BaseConnection.php(795): CodeIgniter\Database\BaseConnection->initialize()
#2 C:\More Application\Xampp\htdocs\toko-api\system\Database\BaseBuilder.php(1649): CodeIgniter\Database\BaseConnection->query('SELECT *\nFROM `...', Array, false)
#3 C:\More Application\Xampp\htdocs\toko-api\system\Model.php(295): CodeIgniter\Database\BaseBuilder->get()
#4 C:\More Application\Xampp\htdocs\toko-api\system\BaseModel.php(714): CodeIgniter\Model->doFirst()
#5 C:\More Application\Xampp\htdocs\toko-api\app\Controllers\LoginController.php(24): CodeIgniter\BaseModel->first()
#6 C:\More Application\Xampp\htdocs\toko-api\system\CodeIgniter.php(951): App\Controllers\LoginController->login()
#7 C:\More Application\Xampp\htdocs\toko-api\system\CodeIgniter.php(497): CodeIgniter\CodeIgniter->runController(Object(App\Controllers\LoginController))
#8 C:\More Application\Xampp\htdocs\toko-api\system\CodeIgniter.php(340): CodeIgniter\CodeIgniter->handleRequest(NULL, Object(Config\Cache), false)
#9 C:\More Application\Xampp\htdocs\toko-api\system\Boot.php(417): CodeIgniter\CodeIgniter->run()
#10 C:\More Application\Xampp\htdocs\toko-api\system\Boot.php(68): CodeIgniter\Boot::runCodeIgniter(Object(CodeIgniter\CodeIgniter))
#11 C:\More Application\Xampp\htdocs\toko-api\public\index.php(59): CodeIgniter\Boot::bootWeb(Object(Config\Paths))
#12 {main}
CRITICAL - 2026-05-29 16:50:36 --> CodeIgniter\Database\Exceptions\DatabaseException: Unable to connect to the database.
Main connection [MySQLi]: No connection could be made because the target machine actively refused it
[Method: POST, Route: login]
in SYSTEMPATH\Database\BaseConnection.php on line 606.
 1 SYSTEMPATH\Database\BaseConnection.php(795): CodeIgniter\Database\BaseConnection->initialize()
 2 SYSTEMPATH\Database\BaseBuilder.php(1649): CodeIgniter\Database\BaseConnection->query('SELECT *
FROM `member`
WHERE `email` = :email:
 LIMIT 1', [...], false)
 3 SYSTEMPATH\Model.php(295): CodeIgniter\Database\BaseBuilder->get()
 4 SYSTEMPATH\BaseModel.php(714): CodeIgniter\Model->doFirst()
 5 APPPATH\Controllers\LoginController.php(24): CodeIgniter\BaseModel->first()
 6 SYSTEMPATH\CodeIgniter.php(951): App\Controllers\LoginController->login()
 7 SYSTEMPATH\CodeIgniter.php(497): CodeIgniter\CodeIgniter->runController(Object(App\Controllers\LoginController))
 8 SYSTEMPATH\CodeIgniter.php(340): CodeIgniter\CodeIgniter->handleRequest(null, Object(Config\Cache), false)
 9 SYSTEMPATH\Boot.php(417): CodeIgniter\CodeIgniter->run()
10 SYSTEMPATH\Boot.php(68): CodeIgniter\Boot::runCodeIgniter(Object(CodeIgniter\CodeIgniter))
11 FCPATH\index.php(59): CodeIgniter\Boot::bootWeb(Object(Config\Paths))
